/workspaces/sistvendas/src/main/java/com/bcopstein/sistvendas/dominio/modelos/ItemDeEstoqueModel.java
/workspaces/sistvendas/src/main/java/com/bcopstein/sistvendas/interfaceAdaptadora/repositorios/entidades/ItemDeEstoque.java
/workspaces/sistvendas/src/main/java/com/bcopstein/sistvendas/interfaceAdaptadora/repositorios/interfaceJPA/EstoqueJPA_ItfRep.java
/workspaces/sistvendas/src/main/java/com/bcopstein/sistvendas/aplicacao/casosDeUso/CriaOrcamentoUC.java
/workspaces/sistvendas/src/main/java/com/bcopstein/sistvendas/DataInitializer.java
/workspaces/sistvendas/src/main/java/com/bcopstein/sistvendas/interfaceAdaptadora/repositorios/implemRepositorios/EstoqueRepJPA.java
/workspaces/sistvendas/src/main/java/com/bcopstein/sistvendas/aplicacao/factories/ImpostoRegionalFactory.java
/workspaces/sistvendas/src/main/java/com/bcopstein/sistvendas/aplicacao/strategies/desconto/IDescontoStrategy.java
/workspaces/sistvendas/src/main/java/com/bcopstein/sistvendas/aplicacao/factories/ImpostoFederalFactory.java
/workspaces/sistvendas/src/main/java/com/bcopstein/sistvendas/interfaceAdaptadora/repositorios/entidades/ItemPedido.java
/workspaces/sistvendas/src/main/java/com/bcopstein/sistvendas/interfaceAdaptadora/controladores/Controller.java
/workspaces/sistvendas/src/main/java/com/bcopstein/sistvendas/dominio/servicos/ServicoDeEstoque.java
/workspaces/sistvendas/src/main/java/com/bcopstein/sistvendas/dominio/tipos/CodigoFederal.java
/workspaces/sistvendas/src/main/java/com/bcopstein/sistvendas/aplicacao/strategies/imposto/regional/IImpostoRegionalStrategy.java
/workspaces/sistvendas/src/main/java/com/bcopstein/sistvendas/aplicacao/casosDeUso/CatalogoProdutosUC.java
/workspaces/sistvendas/src/main/java/com/bcopstein/sistvendas/interfaceAdaptadora/repositorios/entidades/Pedido.java
/workspaces/sistvendas/src/main/java/com/bcopstein/sistvendas/dominio/tipos/TipoDesconto.java
/workspaces/sistvendas/src/main/java/com/bcopstein/sistvendas/aplicacao/strategies/desconto/DescontoDezPctTotal.java
/workspaces/sistvendas/src/main/java/com/bcopstein/sistvendas/interfaceAdaptadora/repositorios/entidades/Produto.java
/workspaces/sistvendas/src/main/java/com/bcopstein/sistvendas/interfaceAdaptadora/repositorios/entidades/Orcamento.java
/workspaces/sistvendas/src/main/java/com/bcopstein/sistvendas/aplicacao/casosDeUso/ProdutosDisponiveisUC.java
/workspaces/sistvendas/src/main/java/com/bcopstein/sistvendas/dominio/servicos/ServicoDeVendas.java
/workspaces/sistvendas/src/main/java/com/bcopstein/sistvendas/aplicacao/casosDeUso/ProdutosDisponiveisPorListaUC.java
/workspaces/sistvendas/src/main/java/com/bcopstein/sistvendas/dominio/persistencia/IOrcamentoRepositorio.java
/workspaces/sistvendas/src/main/java/com/bcopstein/sistvendas/aplicacao/strategies/imposto/regional/ImpostoRegionalBR_SP.java
/workspaces/sistvendas/src/main/java/com/bcopstein/sistvendas/aplicacao/strategies/imposto/regional/ImpostoRegionalBR_PE.java
/workspaces/sistvendas/src/main/java/com/bcopstein/sistvendas/aplicacao/casosDeUso/EfetivaOrcamentoUC.java
/workspaces/sistvendas/src/main/java/com/bcopstein/sistvendas/SistVendasApplication.java
/workspaces/sistvendas/src/main/java/com/bcopstein/sistvendas/aplicacao/dtos/ProdutoDTO.java
/workspaces/sistvendas/src/main/java/com/bcopstein/sistvendas/aplicacao/dtos/ItemPedidoDTO.java
/workspaces/sistvendas/src/main/java/com/bcopstein/sistvendas/dominio/modelos/PedidoModel.java
/workspaces/sistvendas/src/main/java/com/bcopstein/sistvendas/dominio/modelos/ProdutoModel.java
/workspaces/sistvendas/src/main/java/com/bcopstein/sistvendas/aplicacao/casosDeUso/CalculoDeImpostoUC.java
/workspaces/sistvendas/src/main/java/com/bcopstein/sistvendas/aplicacao/strategies/desconto/DescontoCincoPct3Itens.java
/workspaces/sistvendas/src/main/java/com/bcopstein/sistvendas/interfaceAdaptadora/repositorios/implemRepositorios/OrcamentoRepJPA.java
/workspaces/sistvendas/src/main/java/com/bcopstein/sistvendas/dominio/persistencia/IProdutoRepositorio.java
/workspaces/sistvendas/src/main/java/com/bcopstein/sistvendas/aplicacao/factories/DescontoFactory.java
/workspaces/sistvendas/src/main/java/com/bcopstein/sistvendas/aplicacao/strategies/imposto/regional/ImpostoRegionalBR_RS.java
/workspaces/sistvendas/src/main/java/com/bcopstein/sistvendas/aplicacao/dtos/PedidoDTO.java
/workspaces/sistvendas/src/main/java/com/bcopstein/sistvendas/dominio/tipos/CodigoRegional.java
/workspaces/sistvendas/src/main/java/com/bcopstein/sistvendas/aplicacao/strategies/imposto/federal/ImpostoFederalBR.java
/workspaces/sistvendas/src/main/java/com/bcopstein/sistvendas/aplicacao/casosDeUso/CalculoDeDescontoUC.java
/workspaces/sistvendas/src/main/java/com/bcopstein/sistvendas/dominio/modelos/OrcamentoModel.java
/workspaces/sistvendas/src/main/java/com/bcopstein/sistvendas/dominio/modelos/ItemPedidoModel.java
/workspaces/sistvendas/src/main/java/com/bcopstein/sistvendas/interfaceAdaptadora/repositorios/interfaceJPA/OrcamentoJPA_ItfRep.java
/workspaces/sistvendas/src/main/java/com/bcopstein/sistvendas/aplicacao/strategies/imposto/federal/IImpostoFederalStrategy.java
/workspaces/sistvendas/src/main/java/com/bcopstein/sistvendas/interfaceAdaptadora/repositorios/interfaceJPA/ProdutoJPA_ItfRep.java
/workspaces/sistvendas/src/main/java/com/bcopstein/sistvendas/aplicacao/dtos/OrcamentoDTO.java
/workspaces/sistvendas/src/main/java/com/bcopstein/sistvendas/interfaceAdaptadora/repositorios/implemRepositorios/ProdutoRepJPA.java
/workspaces/sistvendas/src/main/java/com/bcopstein/sistvendas/dominio/persistencia/IEstoqueRepositorio.java
